../Core/Src/main.c:115:8:PCA9685_SetBit	40	static
../Core/Src/main.c:84:5:main	24	static
../Core/Src/main.c:125:8:PCA9685_SetPWMFrequency	48	static
../Core/Src/main.c:139:8:PCA9685_Init	24	static
../Core/Src/main.c:144:8:PCA9685_SetPWM	48	static
../Core/Src/main.c:157:8:PCA9685_SetServo	48	static
../Core/Src/main.c:208:6:SystemClock_Config	88	static
../Core/Src/main.c:256:13:MX_ADC1_Init	24	static
../Core/Src/main.c:308:13:MX_I2C1_Init	8	static
../Core/Src/main.c:342:13:MX_TIM2_Init	32	static
../Core/Src/main.c:387:13:MX_USART2_UART_Init	8	static
../Core/Src/main.c:420:13:MX_GPIO_Init	48	static
../Core/Src/main.c:460:6:Error_Handler	4	static,ignoring_inline_asm
