../Core/Src/main.c:122:8:PCA9685_SetBit	40	static
../Core/Src/main.c:89:5:main	56	static
../Core/Src/main.c:132:8:PCA9685_SetPWMFrequency	48	static
../Core/Src/main.c:146:8:PCA9685_Init	24	static
../Core/Src/main.c:276:6:SystemClock_Config	88	static
../Core/Src/main.c:324:13:MX_ADC1_Init	24	static
../Core/Src/main.c:376:13:MX_I2C1_Init	8	static
../Core/Src/main.c:410:13:MX_TIM2_Init	32	static
../Core/Src/main.c:455:13:MX_UART4_Init	8	static
../Core/Src/main.c:488:13:MX_UART5_Init	8	static
../Core/Src/main.c:521:13:MX_USART2_UART_Init	8	static
../Core/Src/main.c:554:13:MX_GPIO_Init	48	static
../Core/Src/main.c:595:6:Error_Handler	4	static,ignoring_inline_asm
